Job: 00_graphData_collection
Running on: node03
Python version:Python 3.11.14

<string>:458: UserWarning: This figure includes Axes that are not compatible with tight_layout, so results might be incorrect.
Load local functions...
Load parameters...
Define output settings...
Read main graph...
Nb of connected components: 125
Set main graph (networkx)...
Plot main graph (2D)...
Plot main graph (3D)...
Extract x, y coordinates (set main graph in 2D)...
Define settings for collection of subgraphs...
Generate data set (collection of subgraphs)...
Plot data set (2D)...
Generate test set (collection of subgraphs)...
Plot test set (2D)...
Save / export data set and test set...
/var/spool/slurm/slurmd/job647891/slurm_script: line 49: timediff: command not found

Elapsed time in sec. : 
