Job: 01_graphRNN_model_train
Running on: node11
Python version:Python 3.11.14

Load local functions...
Load parameters...
Define output settings...
Read data set (collection of subgraphs)...
Plot data set (collection of subgraphs) (topology)...
Number of graphs in list: 500
Define the data set for graphRNN...
Compute max_prev_node 0%...
Compute max_prev_node 1%...
Compute max_prev_node 2%...
Compute max_prev_node 3%...
Compute max_prev_node 4%...
Compute max_prev_node 5%...
Compute max_prev_node 6%...
Compute max_prev_node 7%...
Compute max_prev_node 8%...
Compute max_prev_node 9%...
Compute max_prev_node 10%...
Compute max_prev_node 11%...
Compute max_prev_node 12%...
Compute max_prev_node 13%...
Compute max_prev_node 14%...
Compute max_prev_node 15%...
Compute max_prev_node 16%...
Compute max_prev_node 17%...
Compute max_prev_node 18%...
Compute max_prev_node 19%...
Compute max_prev_node 20%...
Compute max_prev_node 21%...
Compute max_prev_node 22%...
Compute max_prev_node 23%...
Compute max_prev_node 24%...
Compute max_prev_node 25%...
Compute max_prev_node 26%...
Compute max_prev_node 27%...
Compute max_prev_node 28%...
Compute max_prev_node 29%...
Compute max_prev_node 30%...
Compute max_prev_node 31%...
Compute max_prev_node 32%...
Compute max_prev_node 33%...
Compute max_prev_node 34%...
Compute max_prev_node 35%...
Compute max_prev_node 36%...
Compute max_prev_node 37%...
Compute max_prev_node 38%...
Compute max_prev_node 39%...
Compute max_prev_node 40%...
Compute max_prev_node 41%...
Compute max_prev_node 42%...
Compute max_prev_node 43%...
Compute max_prev_node 44%...
Compute max_prev_node 45%...
Compute max_prev_node 46%...
Compute max_prev_node 47%...
Compute max_prev_node 48%...
Compute max_prev_node 49%...
Compute max_prev_node 50%...
Compute max_prev_node 51%...
Compute max_prev_node 52%...
Compute max_prev_node 53%...
Compute max_prev_node 54%...
Compute max_prev_node 55%...
Compute max_prev_node 56%...
Compute max_prev_node 57%...
Compute max_prev_node 58%...
Compute max_prev_node 59%...
Compute max_prev_node 60%...
Compute max_prev_node 61%...
Compute max_prev_node 62%...
Compute max_prev_node 63%...
Compute max_prev_node 64%...
Compute max_prev_node 65%...
Compute max_prev_node 66%...
Compute max_prev_node 67%...
Compute max_prev_node 68%...
Compute max_prev_node 69%...
Compute max_prev_node 70%...
Compute max_prev_node 71%...
Compute max_prev_node 72%...
Compute max_prev_node 73%...
Compute max_prev_node 74%...
Compute max_prev_node 75%...
Compute max_prev_node 76%...
Compute max_prev_node 77%...
Compute max_prev_node 78%...
Compute max_prev_node 79%...
Compute max_prev_node 80%...
Compute max_prev_node 81%...
Compute max_prev_node 82%...
Compute max_prev_node 83%...
Compute max_prev_node 84%...
Compute max_prev_node 85%...
Compute max_prev_node 86%...
Compute max_prev_node 87%...
Compute max_prev_node 88%...
Compute max_prev_node 89%...
Compute max_prev_node 90%...
Compute max_prev_node 91%...
Compute max_prev_node 92%...
Compute max_prev_node 93%...
Compute max_prev_node 94%...
Compute max_prev_node 95%...
Compute max_prev_node 96%...
Compute max_prev_node 97%...
Compute max_prev_node 98%...
Compute max_prev_node 99%...
Compute max_prev_node 100%...
Data set:
   size = 500
   max_n_nodes   =   100
   max_prev_node =    26
Get array of number of nodes in data set...
Data set - number of nodes - mean:    61.472
Data set - number of nodes - std :    27.459
Data set - number of nodes - min :     2.000
Data set - number of nodes - max :   100.000
Define data loader...
Plot first batches (topology)...
Define the model (design)...
Display the model (graphRNN)...


rnn_G
-----
RNN_model(
  (in_module): Sequential(
    (0): Linear(in_features=26, out_features=64, bias=True)
    (1): ReLU()
  )
  (rnn): GRU(64, 48, num_layers=4, batch_first=True)
  (out_module): Sequential(
    (0): Linear(in_features=48, out_features=16, bias=True)
    (1): ReLU()
    (2): Linear(in_features=16, out_features=32, bias=True)
  )
)
Number of (learnable) params: 61808


rnn_E
-----
RNN_model(
  (in_module): Sequential(
    (0): Linear(in_features=1, out_features=24, bias=True)
    (1): ReLU()
  )
  (rnn): GRU(24, 32, num_layers=4, batch_first=True)
  (out_module): Sequential(
    (0): Linear(in_features=32, out_features=36, bias=True)
    (1): ReLU()
    (2): Linear(in_features=36, out_features=1, bias=True)
  )
)
Number of (learnable) params: 25849
[Re-]initialize the model parameters...
Train the model...
... num_epochs = 719
*** Training on cuda:0 ***
epoch 1 of 719, loss : 0.350078
epoch 2 of 719, loss : 0.207029
epoch 3 of 719, loss : 0.198907
epoch 4 of 719, loss : 0.190108
epoch 5 of 719, loss : 0.181612
epoch 6 of 719, loss : 0.176980
epoch 7 of 719, loss : 0.175398
epoch 8 of 719, loss : 0.171552
epoch 9 of 719, loss : 0.166653
epoch 10 of 719, loss : 0.160480
epoch 11 of 719, loss : 0.150204
epoch 12 of 719, loss : 0.140224
epoch 13 of 719, loss : 0.139029
epoch 14 of 719, loss : 0.140074
epoch 15 of 719, loss : 0.135815
epoch 16 of 719, loss : 0.127154
epoch 17 of 719, loss : 0.120926
epoch 18 of 719, loss : 0.115150
epoch 19 of 719, loss : 0.107618
epoch 20 of 719, loss : 0.103922
epoch 21 of 719, loss : 0.100101
epoch 22 of 719, loss : 0.099231
epoch 23 of 719, loss : 0.095923
epoch 24 of 719, loss : 0.091380
epoch 25 of 719, loss : 0.089931
epoch 26 of 719, loss : 0.088502
epoch 27 of 719, loss : 0.086614
epoch 28 of 719, loss : 0.085678
epoch 29 of 719, loss : 0.084547
epoch 30 of 719, loss : 0.083957
epoch 31 of 719, loss : 0.082937
epoch 32 of 719, loss : 0.083078
epoch 33 of 719, loss : 0.082326
epoch 34 of 719, loss : 0.082135
epoch 35 of 719, loss : 0.081915
epoch 36 of 719, loss : 0.081879
epoch 37 of 719, loss : 0.081205
epoch 38 of 719, loss : 0.081946
epoch 39 of 719, loss : 0.081020
epoch 40 of 719, loss : 0.081105
epoch 41 of 719, loss : 0.081109
epoch 42 of 719, loss : 0.080527
epoch 43 of 719, loss : 0.080675
epoch 44 of 719, loss : 0.080725
epoch 45 of 719, loss : 0.080535
epoch 46 of 719, loss : 0.080527
epoch 47 of 719, loss : 0.080215
epoch 48 of 719, loss : 0.079996
epoch 49 of 719, loss : 0.152510
epoch 50 of 719, loss : 0.135829
epoch 51 of 719, loss : 0.104071
epoch 52 of 719, loss : 0.089563
epoch 53 of 719, loss : 0.088152
epoch 54 of 719, loss : 0.084759
epoch 55 of 719, loss : 0.083279
epoch 56 of 719, loss : 0.082158
epoch 57 of 719, loss : 0.082534
epoch 58 of 719, loss : 0.081865
epoch 59 of 719, loss : 0.083069
epoch 60 of 719, loss : 0.081938
epoch 61 of 719, loss : 0.081045
epoch 62 of 719, loss : 0.081278
epoch 63 of 719, loss : 0.082516
epoch 64 of 719, loss : 0.081893
epoch 65 of 719, loss : 0.081387
epoch 66 of 719, loss : 0.079921
epoch 67 of 719, loss : 0.079930
epoch 68 of 719, loss : 0.080279
epoch 69 of 719, loss : 0.080064
epoch 70 of 719, loss : 0.080034
epoch 71 of 719, loss : 0.080002
epoch 72 of 719, loss : 0.079408
epoch 73 of 719, loss : 0.079499
epoch 74 of 719, loss : 0.078957
epoch 75 of 719, loss : 0.078864
epoch 76 of 719, loss : 0.079349
epoch 77 of 719, loss : 0.078827
epoch 78 of 719, loss : 0.078670
epoch 79 of 719, loss : 0.078910
epoch 80 of 719, loss : 0.078618
epoch 81 of 719, loss : 0.079004
epoch 82 of 719, loss : 0.079310
epoch 83 of 719, loss : 0.079365
epoch 84 of 719, loss : 0.078803
epoch 85 of 719, loss : 0.078738
epoch 86 of 719, loss : 0.078635
epoch 87 of 719, loss : 0.078744
epoch 88 of 719, loss : 0.078618
epoch 89 of 719, loss : 0.078611
epoch 90 of 719, loss : 0.078303
epoch 91 of 719, loss : 0.078388
epoch 92 of 719, loss : 0.078389
epoch 93 of 719, loss : 0.078354
epoch 94 of 719, loss : 0.078531
epoch 95 of 719, loss : 0.078192
epoch 96 of 719, loss : 0.078165
epoch 97 of 719, loss : 0.078001
epoch 98 of 719, loss : 0.078141
epoch 99 of 719, loss : 0.078264
epoch 100 of 719, loss : 0.077974
epoch 101 of 719, loss : 0.078086
epoch 102 of 719, loss : 0.078156
epoch 103 of 719, loss : 0.078122
epoch 104 of 719, loss : 0.077966
epoch 105 of 719, loss : 0.077981
epoch 106 of 719, loss : 0.077982
epoch 107 of 719, loss : 0.077745
epoch 108 of 719, loss : 0.077715
epoch 109 of 719, loss : 0.077787
epoch 110 of 719, loss : 0.077798
epoch 111 of 719, loss : 0.077911
epoch 112 of 719, loss : 0.077732
epoch 113 of 719, loss : 0.077966
epoch 114 of 719, loss : 0.078062
epoch 115 of 719, loss : 0.077888
epoch 116 of 719, loss : 0.077892
epoch 117 of 719, loss : 0.077799
epoch 118 of 719, loss : 0.077642
epoch 119 of 719, loss : 0.077834
epoch 120 of 719, loss : 0.077682
epoch 121 of 719, loss : 0.077746
epoch 122 of 719, loss : 0.078328
epoch 123 of 719, loss : 0.077541
epoch 124 of 719, loss : 0.077812
epoch 125 of 719, loss : 0.077625
epoch 126 of 719, loss : 0.077727
epoch 127 of 719, loss : 0.077771
epoch 128 of 719, loss : 0.077680
epoch 129 of 719, loss : 0.077825
epoch 130 of 719, loss : 0.077648
epoch 131 of 719, loss : 0.077535
epoch 132 of 719, loss : 0.077679
epoch 133 of 719, loss : 0.077799
epoch 134 of 719, loss : 0.077648
epoch 135 of 719, loss : 0.077612
epoch 136 of 719, loss : 0.077648
epoch 137 of 719, loss : 0.077491
epoch 138 of 719, loss : 0.077636
epoch 139 of 719, loss : 0.077761
epoch 140 of 719, loss : 0.077571
epoch 141 of 719, loss : 0.077724
epoch 142 of 719, loss : 0.077489
epoch 143 of 719, loss : 0.077788
epoch 144 of 719, loss : 0.077331
epoch 145 of 719, loss : 0.113802
epoch 146 of 719, loss : 0.128715
epoch 147 of 719, loss : 0.096621
epoch 148 of 719, loss : 0.087625
epoch 149 of 719, loss : 0.083776
epoch 150 of 719, loss : 0.081199
epoch 151 of 719, loss : 0.080371
epoch 152 of 719, loss : 0.080949
epoch 153 of 719, loss : 0.082919
epoch 154 of 719, loss : 0.082491
epoch 155 of 719, loss : 0.080845
epoch 156 of 719, loss : 0.079645
epoch 157 of 719, loss : 0.079206
epoch 158 of 719, loss : 0.079129
epoch 159 of 719, loss : 0.079201
epoch 160 of 719, loss : 0.079690
epoch 161 of 719, loss : 0.080477
epoch 162 of 719, loss : 0.079873
epoch 163 of 719, loss : 0.078823
epoch 164 of 719, loss : 0.078592
epoch 165 of 719, loss : 0.078780
epoch 166 of 719, loss : 0.078868
epoch 167 of 719, loss : 0.078625
epoch 168 of 719, loss : 0.078490
epoch 169 of 719, loss : 0.078274
epoch 170 of 719, loss : 0.077909
epoch 171 of 719, loss : 0.078278
epoch 172 of 719, loss : 0.078336
epoch 173 of 719, loss : 0.078551
epoch 174 of 719, loss : 0.078671
epoch 175 of 719, loss : 0.078244
epoch 176 of 719, loss : 0.078023
epoch 177 of 719, loss : 0.078911
epoch 178 of 719, loss : 0.079236
epoch 179 of 719, loss : 0.079139
epoch 180 of 719, loss : 0.078350
epoch 181 of 719, loss : 0.078136
epoch 182 of 719, loss : 0.078137
epoch 183 of 719, loss : 0.077970
epoch 184 of 719, loss : 0.078179
epoch 185 of 719, loss : 0.077849
epoch 186 of 719, loss : 0.078194
epoch 187 of 719, loss : 0.078094
epoch 188 of 719, loss : 0.078078
epoch 189 of 719, loss : 0.079470
epoch 190 of 719, loss : 0.079175
epoch 191 of 719, loss : 0.078533
epoch 192 of 719, loss : 0.078142
epoch 193 of 719, loss : 0.078040
epoch 194 of 719, loss : 0.079195
epoch 195 of 719, loss : 0.079308
epoch 196 of 719, loss : 0.079003
epoch 197 of 719, loss : 0.078016
epoch 198 of 719, loss : 0.077917
epoch 199 of 719, loss : 0.077548
epoch 200 of 719, loss : 0.077734
epoch 201 of 719, loss : 0.077598
epoch 202 of 719, loss : 0.077812
epoch 203 of 719, loss : 0.077709
epoch 204 of 719, loss : 0.077697
epoch 205 of 719, loss : 0.077937
epoch 206 of 719, loss : 0.077686
epoch 207 of 719, loss : 0.077723
epoch 208 of 719, loss : 0.077586
epoch 209 of 719, loss : 0.077832
epoch 210 of 719, loss : 0.078016
epoch 211 of 719, loss : 0.077558
epoch 212 of 719, loss : 0.077766
epoch 213 of 719, loss : 0.077746
epoch 214 of 719, loss : 0.077917
epoch 215 of 719, loss : 0.077933
epoch 216 of 719, loss : 0.077916
epoch 217 of 719, loss : 0.077832
epoch 218 of 719, loss : 0.077682
epoch 219 of 719, loss : 0.077830
epoch 220 of 719, loss : 0.077735
epoch 221 of 719, loss : 0.078050
epoch 222 of 719, loss : 0.077842
epoch 223 of 719, loss : 0.077853
epoch 224 of 719, loss : 0.077991
epoch 225 of 719, loss : 0.077859
epoch 226 of 719, loss : 0.077632
epoch 227 of 719, loss : 0.077499
epoch 228 of 719, loss : 0.077536
epoch 229 of 719, loss : 0.077538
epoch 230 of 719, loss : 0.077490
epoch 231 of 719, loss : 0.077502
epoch 232 of 719, loss : 0.077476
epoch 233 of 719, loss : 0.077379
epoch 234 of 719, loss : 0.077651
epoch 235 of 719, loss : 0.077830
epoch 236 of 719, loss : 0.077619
epoch 237 of 719, loss : 0.077408
epoch 238 of 719, loss : 0.077539
epoch 239 of 719, loss : 0.077544
epoch 240 of 719, loss : 0.077415
epoch 241 of 719, loss : 0.077460
epoch 242 of 719, loss : 0.077628
epoch 243 of 719, loss : 0.077551
epoch 244 of 719, loss : 0.077657
epoch 245 of 719, loss : 0.077849
epoch 246 of 719, loss : 0.077599
epoch 247 of 719, loss : 0.077283
epoch 248 of 719, loss : 0.077711
epoch 249 of 719, loss : 0.077668
epoch 250 of 719, loss : 0.077695
epoch 251 of 719, loss : 0.077689
epoch 252 of 719, loss : 0.077291
epoch 253 of 719, loss : 0.077621
epoch 254 of 719, loss : 0.077469
epoch 255 of 719, loss : 0.077325
epoch 256 of 719, loss : 0.077604
epoch 257 of 719, loss : 0.077821
epoch 258 of 719, loss : 0.077530
epoch 259 of 719, loss : 0.077458
epoch 260 of 719, loss : 0.077669
epoch 261 of 719, loss : 0.077468
epoch 262 of 719, loss : 0.077549
epoch 263 of 719, loss : 0.077385
epoch 264 of 719, loss : 0.077152
epoch 265 of 719, loss : 0.077361
epoch 266 of 719, loss : 0.077507
epoch 267 of 719, loss : 0.077237
epoch 268 of 719, loss : 0.077457
epoch 269 of 719, loss : 0.077422
epoch 270 of 719, loss : 0.077484
epoch 271 of 719, loss : 0.077228
epoch 272 of 719, loss : 0.077383
epoch 273 of 719, loss : 0.077386
epoch 274 of 719, loss : 0.077270
epoch 275 of 719, loss : 0.077605
epoch 276 of 719, loss : 0.077542
epoch 277 of 719, loss : 0.077574
epoch 278 of 719, loss : 0.077730
epoch 279 of 719, loss : 0.077410
epoch 280 of 719, loss : 0.077289
epoch 281 of 719, loss : 0.077437
epoch 282 of 719, loss : 0.077351
epoch 283 of 719, loss : 0.077176
epoch 284 of 719, loss : 0.077518
epoch 285 of 719, loss : 0.077485
epoch 286 of 719, loss : 0.077452
epoch 287 of 719, loss : 0.077302
epoch 288 of 719, loss : 0.077247
epoch 289 of 719, loss : 0.077431
epoch 290 of 719, loss : 0.077483
epoch 291 of 719, loss : 0.077245
epoch 292 of 719, loss : 0.077186
epoch 293 of 719, loss : 0.077439
epoch 294 of 719, loss : 0.077323
epoch 295 of 719, loss : 0.077436
epoch 296 of 719, loss : 0.077438
epoch 297 of 719, loss : 0.077267
epoch 298 of 719, loss : 0.077206
epoch 299 of 719, loss : 0.077225
epoch 300 of 719, loss : 0.077342
epoch 301 of 719, loss : 0.077390
epoch 302 of 719, loss : 0.077267
epoch 303 of 719, loss : 0.077267
epoch 304 of 719, loss : 0.077242
epoch 305 of 719, loss : 0.077425
epoch 306 of 719, loss : 0.077127
epoch 307 of 719, loss : 0.077424
epoch 308 of 719, loss : 0.077270
epoch 309 of 719, loss : 0.077273
epoch 310 of 719, loss : 0.077314
epoch 311 of 719, loss : 0.077202
epoch 312 of 719, loss : 0.077227
epoch 313 of 719, loss : 0.077116
epoch 314 of 719, loss : 0.077203
epoch 315 of 719, loss : 0.077276
epoch 316 of 719, loss : 0.077164
epoch 317 of 719, loss : 0.077276
epoch 318 of 719, loss : 0.077295
epoch 319 of 719, loss : 0.077209
epoch 320 of 719, loss : 0.077222
epoch 321 of 719, loss : 0.077093
epoch 322 of 719, loss : 0.077262
epoch 323 of 719, loss : 0.077215
epoch 324 of 719, loss : 0.077169
epoch 325 of 719, loss : 0.077230
epoch 326 of 719, loss : 0.077196
epoch 327 of 719, loss : 0.077291
epoch 328 of 719, loss : 0.077302
epoch 329 of 719, loss : 0.077040
epoch 330 of 719, loss : 0.077418
epoch 331 of 719, loss : 0.077165
epoch 332 of 719, loss : 0.077205
epoch 333 of 719, loss : 0.077265
epoch 334 of 719, loss : 0.077122
epoch 335 of 719, loss : 0.077362
epoch 336 of 719, loss : 0.077192
epoch 337 of 719, loss : 0.104741
epoch 338 of 719, loss : 0.102152
epoch 339 of 719, loss : 0.087940
epoch 340 of 719, loss : 0.084564
epoch 341 of 719, loss : 0.081566
epoch 342 of 719, loss : 0.080659
epoch 343 of 719, loss : 0.079580
epoch 344 of 719, loss : 0.079478
epoch 345 of 719, loss : 0.079461
epoch 346 of 719, loss : 0.079556
epoch 347 of 719, loss : 0.079135
epoch 348 of 719, loss : 0.078763
epoch 349 of 719, loss : 0.078417
epoch 350 of 719, loss : 0.078204
epoch 351 of 719, loss : 0.078242
epoch 352 of 719, loss : 0.078232
epoch 353 of 719, loss : 0.078330
epoch 354 of 719, loss : 0.078550
epoch 355 of 719, loss : 0.077941
epoch 356 of 719, loss : 0.077873
epoch 357 of 719, loss : 0.078705
epoch 358 of 719, loss : 0.078547
epoch 359 of 719, loss : 0.078156
epoch 360 of 719, loss : 0.077797
epoch 361 of 719, loss : 0.077683
epoch 362 of 719, loss : 0.077618
epoch 363 of 719, loss : 0.077811
epoch 364 of 719, loss : 0.077821
epoch 365 of 719, loss : 0.077560
epoch 366 of 719, loss : 0.077737
epoch 367 of 719, loss : 0.077695
epoch 368 of 719, loss : 0.077627
epoch 369 of 719, loss : 0.077649
epoch 370 of 719, loss : 0.077918
epoch 371 of 719, loss : 0.078313
epoch 372 of 719, loss : 0.077839
epoch 373 of 719, loss : 0.077535
epoch 374 of 719, loss : 0.077749
epoch 375 of 719, loss : 0.077701
epoch 376 of 719, loss : 0.077867
epoch 377 of 719, loss : 0.078144
epoch 378 of 719, loss : 0.078349
epoch 379 of 719, loss : 0.078756
epoch 380 of 719, loss : 0.077757
epoch 381 of 719, loss : 0.077823
epoch 382 of 719, loss : 0.077379
epoch 383 of 719, loss : 0.077340
epoch 384 of 719, loss : 0.077555
epoch 385 of 719, loss : 0.077463
epoch 386 of 719, loss : 0.077362
epoch 387 of 719, loss : 0.077429
epoch 388 of 719, loss : 0.077600
epoch 389 of 719, loss : 0.077670
epoch 390 of 719, loss : 0.077657
epoch 391 of 719, loss : 0.079230
epoch 392 of 719, loss : 0.078791
epoch 393 of 719, loss : 0.078154
epoch 394 of 719, loss : 0.077763
epoch 395 of 719, loss : 0.077615
epoch 396 of 719, loss : 0.077566
epoch 397 of 719, loss : 0.077560
epoch 398 of 719, loss : 0.077974
epoch 399 of 719, loss : 0.077487
epoch 400 of 719, loss : 0.077456
epoch 401 of 719, loss : 0.077369
epoch 402 of 719, loss : 0.077665
epoch 403 of 719, loss : 0.077684
epoch 404 of 719, loss : 0.077390
epoch 405 of 719, loss : 0.077585
epoch 406 of 719, loss : 0.077412
epoch 407 of 719, loss : 0.077448
epoch 408 of 719, loss : 0.077606
epoch 409 of 719, loss : 0.077760
epoch 410 of 719, loss : 0.077866
epoch 411 of 719, loss : 0.077317
epoch 412 of 719, loss : 0.077272
epoch 413 of 719, loss : 0.078635
epoch 414 of 719, loss : 0.079471
epoch 415 of 719, loss : 0.079095
epoch 416 of 719, loss : 0.078236
epoch 417 of 719, loss : 0.078054
epoch 418 of 719, loss : 0.077558
epoch 419 of 719, loss : 0.077451
epoch 420 of 719, loss : 0.077266
epoch 421 of 719, loss : 0.077562
epoch 422 of 719, loss : 0.077354
epoch 423 of 719, loss : 0.077537
epoch 424 of 719, loss : 0.077616
epoch 425 of 719, loss : 0.077904
epoch 426 of 719, loss : 0.077550
epoch 427 of 719, loss : 0.077501
epoch 428 of 719, loss : 0.077661
epoch 429 of 719, loss : 0.077859
epoch 430 of 719, loss : 0.077446
epoch 431 of 719, loss : 0.077424
epoch 432 of 719, loss : 0.077077
epoch 433 of 719, loss : 0.077302
epoch 434 of 719, loss : 0.077322
epoch 435 of 719, loss : 0.077614
epoch 436 of 719, loss : 0.077189
epoch 437 of 719, loss : 0.077240
epoch 438 of 719, loss : 0.077414
epoch 439 of 719, loss : 0.077224
epoch 440 of 719, loss : 0.077514
epoch 441 of 719, loss : 0.077378
epoch 442 of 719, loss : 0.077528
epoch 443 of 719, loss : 0.077636
epoch 444 of 719, loss : 0.077393
epoch 445 of 719, loss : 0.077165
epoch 446 of 719, loss : 0.077553
epoch 447 of 719, loss : 0.077420
epoch 448 of 719, loss : 0.077535
epoch 449 of 719, loss : 0.077582
epoch 450 of 719, loss : 0.078508
epoch 451 of 719, loss : 0.079051
epoch 452 of 719, loss : 0.078542
epoch 453 of 719, loss : 0.077999
epoch 454 of 719, loss : 0.077444
epoch 455 of 719, loss : 0.077695
epoch 456 of 719, loss : 0.077449
epoch 457 of 719, loss : 0.077551
epoch 458 of 719, loss : 0.077443
epoch 459 of 719, loss : 0.077236
epoch 460 of 719, loss : 0.077589
epoch 461 of 719, loss : 0.077537
epoch 462 of 719, loss : 0.077371
epoch 463 of 719, loss : 0.077714
epoch 464 of 719, loss : 0.077549
epoch 465 of 719, loss : 0.077440
epoch 466 of 719, loss : 0.077423
epoch 467 of 719, loss : 0.077598
epoch 468 of 719, loss : 0.077430
epoch 469 of 719, loss : 0.077672
epoch 470 of 719, loss : 0.077450
epoch 471 of 719, loss : 0.077231
epoch 472 of 719, loss : 0.077200
epoch 473 of 719, loss : 0.077409
epoch 474 of 719, loss : 0.078526
epoch 475 of 719, loss : 0.077989
epoch 476 of 719, loss : 0.077839
epoch 477 of 719, loss : 0.077311
epoch 478 of 719, loss : 0.077361
epoch 479 of 719, loss : 0.077343
epoch 480 of 719, loss : 0.077551
epoch 481 of 719, loss : 0.077226
epoch 482 of 719, loss : 0.077358
epoch 483 of 719, loss : 0.077307
epoch 484 of 719, loss : 0.077456
epoch 485 of 719, loss : 0.077308
epoch 486 of 719, loss : 0.077232
epoch 487 of 719, loss : 0.077260
epoch 488 of 719, loss : 0.077284
epoch 489 of 719, loss : 0.077356
epoch 490 of 719, loss : 0.077131
epoch 491 of 719, loss : 0.077118
epoch 492 of 719, loss : 0.077219
epoch 493 of 719, loss : 0.077578
epoch 494 of 719, loss : 0.077594
epoch 495 of 719, loss : 0.077309
epoch 496 of 719, loss : 0.077456
epoch 497 of 719, loss : 0.077324
epoch 498 of 719, loss : 0.077366
epoch 499 of 719, loss : 0.077155
epoch 500 of 719, loss : 0.077159
epoch 501 of 719, loss : 0.077241
epoch 502 of 719, loss : 0.077505
epoch 503 of 719, loss : 0.077309
epoch 504 of 719, loss : 0.077092
epoch 505 of 719, loss : 0.077223
epoch 506 of 719, loss : 0.077016
epoch 507 of 719, loss : 0.077259
epoch 508 of 719, loss : 0.077352
epoch 509 of 719, loss : 0.077167
epoch 510 of 719, loss : 0.077450
epoch 511 of 719, loss : 0.077236
epoch 512 of 719, loss : 0.077293
epoch 513 of 719, loss : 0.077237
epoch 514 of 719, loss : 0.077229
epoch 515 of 719, loss : 0.077290
epoch 516 of 719, loss : 0.077165
epoch 517 of 719, loss : 0.077229
epoch 518 of 719, loss : 0.077240
epoch 519 of 719, loss : 0.077253
epoch 520 of 719, loss : 0.077456
epoch 521 of 719, loss : 0.077262
epoch 522 of 719, loss : 0.077131
epoch 523 of 719, loss : 0.076998
epoch 524 of 719, loss : 0.077136
epoch 525 of 719, loss : 0.077351
epoch 526 of 719, loss : 0.077169
epoch 527 of 719, loss : 0.077172
epoch 528 of 719, loss : 0.077238
epoch 529 of 719, loss : 0.077315
epoch 530 of 719, loss : 0.077142
epoch 531 of 719, loss : 0.077171
epoch 532 of 719, loss : 0.077084
epoch 533 of 719, loss : 0.077052
epoch 534 of 719, loss : 0.077295
epoch 535 of 719, loss : 0.077108
epoch 536 of 719, loss : 0.077113
epoch 537 of 719, loss : 0.077156
epoch 538 of 719, loss : 0.077071
epoch 539 of 719, loss : 0.077102
epoch 540 of 719, loss : 0.077421
epoch 541 of 719, loss : 0.077217
epoch 542 of 719, loss : 0.077329
epoch 543 of 719, loss : 0.077176
epoch 544 of 719, loss : 0.077165
epoch 545 of 719, loss : 0.076938
epoch 546 of 719, loss : 0.077190
epoch 547 of 719, loss : 0.077374
epoch 548 of 719, loss : 0.077347
epoch 549 of 719, loss : 0.077424
epoch 550 of 719, loss : 0.076976
epoch 551 of 719, loss : 0.077040
epoch 552 of 719, loss : 0.077160
epoch 553 of 719, loss : 0.077172
epoch 554 of 719, loss : 0.077101
epoch 555 of 719, loss : 0.077157
epoch 556 of 719, loss : 0.077138
epoch 557 of 719, loss : 0.077185
epoch 558 of 719, loss : 0.077117
epoch 559 of 719, loss : 0.077206
epoch 560 of 719, loss : 0.077085
epoch 561 of 719, loss : 0.077211
epoch 562 of 719, loss : 0.077153
epoch 563 of 719, loss : 0.077134
epoch 564 of 719, loss : 0.077164
epoch 565 of 719, loss : 0.077096
epoch 566 of 719, loss : 0.077209
epoch 567 of 719, loss : 0.077064
epoch 568 of 719, loss : 0.076885
epoch 569 of 719, loss : 0.077023
epoch 570 of 719, loss : 0.077045
epoch 571 of 719, loss : 0.077110
epoch 572 of 719, loss : 0.077212
epoch 573 of 719, loss : 0.077108
epoch 574 of 719, loss : 0.077311
epoch 575 of 719, loss : 0.077108
epoch 576 of 719, loss : 0.077151
epoch 577 of 719, loss : 0.077049
epoch 578 of 719, loss : 0.077069
epoch 579 of 719, loss : 0.077198
epoch 580 of 719, loss : 0.077233
epoch 581 of 719, loss : 0.077032
epoch 582 of 719, loss : 0.077088
epoch 583 of 719, loss : 0.077090
epoch 584 of 719, loss : 0.076924
epoch 585 of 719, loss : 0.076985
epoch 586 of 719, loss : 0.077017
epoch 587 of 719, loss : 0.076929
epoch 588 of 719, loss : 0.076910
epoch 589 of 719, loss : 0.076795
epoch 590 of 719, loss : 0.077178
epoch 591 of 719, loss : 0.076801
epoch 592 of 719, loss : 0.077169
epoch 593 of 719, loss : 0.076978
epoch 594 of 719, loss : 0.076934
epoch 595 of 719, loss : 0.077242
epoch 596 of 719, loss : 0.077022
epoch 597 of 719, loss : 0.076956
epoch 598 of 719, loss : 0.076939
epoch 599 of 719, loss : 0.076906
epoch 600 of 719, loss : 0.076971
epoch 601 of 719, loss : 0.076959
epoch 602 of 719, loss : 0.077171
epoch 603 of 719, loss : 0.077116
epoch 604 of 719, loss : 0.077193
epoch 605 of 719, loss : 0.077039
epoch 606 of 719, loss : 0.077158
epoch 607 of 719, loss : 0.077023
epoch 608 of 719, loss : 0.076790
epoch 609 of 719, loss : 0.076969
epoch 610 of 719, loss : 0.076960
epoch 611 of 719, loss : 0.076913
epoch 612 of 719, loss : 0.076943
epoch 613 of 719, loss : 0.076958
epoch 614 of 719, loss : 0.076873
epoch 615 of 719, loss : 0.077137
epoch 616 of 719, loss : 0.076885
epoch 617 of 719, loss : 0.076860
epoch 618 of 719, loss : 0.077016
epoch 619 of 719, loss : 0.077073
epoch 620 of 719, loss : 0.077076
epoch 621 of 719, loss : 0.076991
epoch 622 of 719, loss : 0.076958
epoch 623 of 719, loss : 0.076954
epoch 624 of 719, loss : 0.076835
epoch 625 of 719, loss : 0.076988
epoch 626 of 719, loss : 0.077041
epoch 627 of 719, loss : 0.077016
epoch 628 of 719, loss : 0.077059
epoch 629 of 719, loss : 0.076811
epoch 630 of 719, loss : 0.076947
epoch 631 of 719, loss : 0.077099
epoch 632 of 719, loss : 0.076934
epoch 633 of 719, loss : 0.076758
epoch 634 of 719, loss : 0.077039
epoch 635 of 719, loss : 0.076968
epoch 636 of 719, loss : 0.076956
epoch 637 of 719, loss : 0.076845
epoch 638 of 719, loss : 0.076964
epoch 639 of 719, loss : 0.076965
epoch 640 of 719, loss : 0.077061
epoch 641 of 719, loss : 0.076965
epoch 642 of 719, loss : 0.077088
epoch 643 of 719, loss : 0.076932
epoch 644 of 719, loss : 0.076849
epoch 645 of 719, loss : 0.076919
epoch 646 of 719, loss : 0.076855
epoch 647 of 719, loss : 0.076889
epoch 648 of 719, loss : 0.076981
epoch 649 of 719, loss : 0.076980
epoch 650 of 719, loss : 0.076993
epoch 651 of 719, loss : 0.076693
epoch 652 of 719, loss : 0.076896
epoch 653 of 719, loss : 0.076953
epoch 654 of 719, loss : 0.077036
epoch 655 of 719, loss : 0.077011
epoch 656 of 719, loss : 0.076969
epoch 657 of 719, loss : 0.076797
epoch 658 of 719, loss : 0.076975
epoch 659 of 719, loss : 0.076849
epoch 660 of 719, loss : 0.076742
epoch 661 of 719, loss : 0.076842
epoch 662 of 719, loss : 0.076959
epoch 663 of 719, loss : 0.076905
epoch 664 of 719, loss : 0.076997
epoch 665 of 719, loss : 0.077044
epoch 666 of 719, loss : 0.076900
epoch 667 of 719, loss : 0.076834
epoch 668 of 719, loss : 0.076936
epoch 669 of 719, loss : 0.077019
epoch 670 of 719, loss : 0.077036
epoch 671 of 719, loss : 0.076846
epoch 672 of 719, loss : 0.076801
epoch 673 of 719, loss : 0.076790
epoch 674 of 719, loss : 0.076912
epoch 675 of 719, loss : 0.076723
epoch 676 of 719, loss : 0.076788
epoch 677 of 719, loss : 0.077041
epoch 678 of 719, loss : 0.076836
epoch 679 of 719, loss : 0.076937
epoch 680 of 719, loss : 0.076790
epoch 681 of 719, loss : 0.076961
epoch 682 of 719, loss : 0.076976
epoch 683 of 719, loss : 0.076888
epoch 684 of 719, loss : 0.076994
epoch 685 of 719, loss : 0.076964
epoch 686 of 719, loss : 0.076855
epoch 687 of 719, loss : 0.077012
epoch 688 of 719, loss : 0.076716
epoch 689 of 719, loss : 0.076754
epoch 690 of 719, loss : 0.076832
epoch 691 of 719, loss : 0.076907
epoch 692 of 719, loss : 0.076720
epoch 693 of 719, loss : 0.076871
epoch 694 of 719, loss : 0.076948
epoch 695 of 719, loss : 0.077013
epoch 696 of 719, loss : 0.076871
epoch 697 of 719, loss : 0.076903
epoch 698 of 719, loss : 0.076943
epoch 699 of 719, loss : 0.076932
epoch 700 of 719, loss : 0.076989
epoch 701 of 719, loss : 0.076851
epoch 702 of 719, loss : 0.076801
epoch 703 of 719, loss : 0.076898
epoch 704 of 719, loss : 0.076899
epoch 705 of 719, loss : 0.076778
epoch 706 of 719, loss : 0.076834
epoch 707 of 719, loss : 0.076962
epoch 708 of 719, loss : 0.076882
epoch 709 of 719, loss : 0.076770
epoch 710 of 719, loss : 0.076781
epoch 711 of 719, loss : 0.076878
epoch 712 of 719, loss : 0.076881
epoch 713 of 719, loss : 0.076733
epoch 714 of 719, loss : 0.077004
epoch 715 of 719, loss : 0.076775
epoch 716 of 719, loss : 0.076722
epoch 717 of 719, loss : 0.076864
epoch 718 of 719, loss : 0.076676
epoch 719 of 719, loss : 0.076938
Elapsed time for 719 epochs: 1.32e+03 s
Last epoch, loss = 0.076938
Plot loss...
Plot loss (log scale)...
Plot loss (part) (log scale)...
Plot lr...
Test / check : generate graph...
Test / check on generated graph...
Same encoding  "adj_seq_array" ? True
Same adj. mat. "adj_mat_csr"   ? True
Same graph     "G"             ? True
Test / check : plot generated graph (topology)...
Save / export the data set (graphRNN)...
Save / export the model (hyper parameters and parameters)...
Save / export loss and lr...
Display the model (graphRNN)...


rnn_G
-----
RNN_model(
  (in_module): Sequential(
    (0): Linear(in_features=26, out_features=64, bias=True)
    (1): ReLU()
  )
  (rnn): GRU(64, 48, num_layers=4, batch_first=True)
  (out_module): Sequential(
    (0): Linear(in_features=48, out_features=16, bias=True)
    (1): ReLU()
    (2): Linear(in_features=16, out_features=32, bias=True)
  )
)
Number of (learnable) params: 61808


rnn_E
-----
RNN_model(
  (in_module): Sequential(
    (0): Linear(in_features=1, out_features=24, bias=True)
    (1): ReLU()
  )
  (rnn): GRU(24, 32, num_layers=4, batch_first=True)
  (out_module): Sequential(
    (0): Linear(in_features=32, out_features=36, bias=True)
    (1): ReLU()
    (2): Linear(in_features=36, out_features=1, bias=True)
  )
)
Number of (learnable) params: 25849
/var/spool/slurm/slurmd/job647892/slurm_script: line 49: timediff: command not found

Elapsed time in sec. : 
