Job: 02_graphRNN_model_play
Running on: node11
Python version:Python 3.11.14

/cluster/raid/home/paulaa/karst_networks_gen-main/kgenA_Tsanfleuron_00/02_graphRNN_model_play.py:742: MatplotlibDeprecationWarning: The 'labels' parameter of boxplot() has been renamed 'tick_labels' since Matplotlib 3.9; support for the old name will be dropped in 3.11.
  bp = plt.boxplot(dist_gen, patch_artist = True, labels=labels)
/cluster/raid/home/paulaa/karst_networks_gen-main/kgenA_Tsanfleuron_00/02_graphRNN_model_play.py:752: MatplotlibDeprecationWarning: The 'labels' parameter of boxplot() has been renamed 'tick_labels' since Matplotlib 3.9; support for the old name will be dropped in 3.11.
  bp = plt.boxplot(dist_data, patch_artist = True, labels=labels)
/cluster/raid/home/paulaa/karst_networks_gen-main/kgenA_Tsanfleuron_00/02_graphRNN_model_play.py:976: MatplotlibDeprecationWarning: The 'labels' parameter of boxplot() has been renamed 'tick_labels' since Matplotlib 3.9; support for the old name will be dropped in 3.11.
  bp = plt.boxplot(dist_gen, patch_artist = True, labels=labels)
/cluster/raid/home/paulaa/karst_networks_gen-main/kgenA_Tsanfleuron_00/02_graphRNN_model_play.py:986: MatplotlibDeprecationWarning: The 'labels' parameter of boxplot() has been renamed 'tick_labels' since Matplotlib 3.9; support for the old name will be dropped in 3.11.
  bp = plt.boxplot(dist_data, patch_artist = True, labels=labels)
/cluster/raid/home/paulaa/karst_networks_gen-main/kgenA_Tsanfleuron_00/02_graphRNN_model_play.py:1198: MatplotlibDeprecationWarning: The 'labels' parameter of boxplot() has been renamed 'tick_labels' since Matplotlib 3.9; support for the old name will be dropped in 3.11.
  bp = plt.boxplot(dist_gen, patch_artist = True, labels=labels)
/cluster/raid/home/paulaa/karst_networks_gen-main/kgenA_Tsanfleuron_00/02_graphRNN_model_play.py:1208: MatplotlibDeprecationWarning: The 'labels' parameter of boxplot() has been renamed 'tick_labels' since Matplotlib 3.9; support for the old name will be dropped in 3.11.
  bp = plt.boxplot(dist_data, patch_artist = True, labels=labels)
/cluster/raid/home/paulaa/karst_networks_gen-main/kgenA_Tsanfleuron_00/02_graphRNN_model_play.py:1420: MatplotlibDeprecationWarning: The 'labels' parameter of boxplot() has been renamed 'tick_labels' since Matplotlib 3.9; support for the old name will be dropped in 3.11.
  bp = plt.boxplot(dist_gen, patch_artist = True, labels=labels)
/cluster/raid/home/paulaa/karst_networks_gen-main/kgenA_Tsanfleuron_00/02_graphRNN_model_play.py:1430: MatplotlibDeprecationWarning: The 'labels' parameter of boxplot() has been renamed 'tick_labels' since Matplotlib 3.9; support for the old name will be dropped in 3.11.
  bp = plt.boxplot(dist_data, patch_artist = True, labels=labels)
Load local functions...
Load parameters...
Define output settings...
Define input settings...
Load the data set (graphRNN)...
Plot first graphs (topology) of the data set list...
Define data loader...
Plot first batches (topology)...
Load the model (hyper parameters and parameters) (graphRNN)...
Display the model (graphRNN)...


rnn_G
-----
RNN_model(
  (in_module): Sequential(
    (0): Linear(in_features=26, out_features=64, bias=True)
    (1): ReLU()
  )
  (rnn): GRU(64, 48, num_layers=4, batch_first=True)
  (out_module): Sequential(
    (0): Linear(in_features=48, out_features=16, bias=True)
    (1): ReLU()
    (2): Linear(in_features=16, out_features=32, bias=True)
  )
)
Number of (learnable) params: 61808


rnn_E
-----
RNN_model(
  (in_module): Sequential(
    (0): Linear(in_features=1, out_features=24, bias=True)
    (1): ReLU()
  )
  (rnn): GRU(24, 32, num_layers=4, batch_first=True)
  (out_module): Sequential(
    (0): Linear(in_features=32, out_features=36, bias=True)
    (1): ReLU()
    (2): Linear(in_features=36, out_features=1, bias=True)
  )
)
Number of (learnable) params: 25849
Generate graphs...
Elapsed time for generating 100 graph(s): 119 s
Plot first generated graphs (topology)...
Plot first generated graphs (topology) and [encoded] adjacency matrix...
Compute and plot statistics - number of nodes...
Compute and plot statistics on graph nodes...
Gen. graph #0, nb nodes =    91
   deg =  1,   count:   28,   prop: 0.3077
   deg =  2,   count:   32,   prop: 0.3516
   deg =  3,   count:   22,   prop: 0.2418
   deg =  4,   count:    9,   prop: 0.0989
Gen. graph #1, nb nodes =    78
   deg =  1,   count:   22,   prop: 0.2821
   deg =  2,   count:   31,   prop: 0.3974
   deg =  3,   count:   16,   prop: 0.2051
   deg =  4,   count:    7,   prop: 0.0897
   deg =  5,   count:    2,   prop: 0.0256
Gen. graph #2, nb nodes =    76
   deg =  1,   count:   26,   prop: 0.3421
   deg =  2,   count:   22,   prop: 0.2895
   deg =  3,   count:   21,   prop: 0.2763
   deg =  4,   count:    5,   prop: 0.0658
   deg =  5,   count:    1,   prop: 0.0132
   deg =  6,   count:    1,   prop: 0.0132
Gen. graph #3, nb nodes =     7
   deg =  1,   count:    4,   prop: 0.5714
   deg =  2,   count:    2,   prop: 0.2857
   deg =  4,   count:    1,   prop: 0.1429
Gen. graph #4, nb nodes =    70
   deg =  1,   count:   22,   prop: 0.3143
   deg =  2,   count:   18,   prop: 0.2571
   deg =  3,   count:   24,   prop: 0.3429
   deg =  4,   count:    6,   prop: 0.0857
Plot statistics summary...
/var/spool/slurm/slurmd/job647893/slurm_script: line 49: timediff: command not found

Elapsed time in sec. : 
