Job: 06_gen_graph_anim
Running on: node11
Python version:Python 3.11.14

<string>:458: UserWarning: This figure includes Axes that are not compatible with tight_layout, so results might be incorrect.
/cluster/raid/home/paulaa/karst_networks_gen-main/kgenA_Tsanfleuron_00/06_gen_graph_anim.py:538: DeprecationWarning: Starting with ImageIO v3 the behavior of this function will switch to that of iio.v3.imread. To keep the current behavior (and make this warning disappear) use `import imageio.v2 as imageio` or call `imageio.v2.imread` directly.
  all_frames = [imageio.imread(frames_path.format(j=i)) for i in range(len(t_anim_save))]
IMAGEIO FFMPEG_WRITER WARNING: input image is not divisible by macro_block_size=16, resizing from (600, 600) to (608, 608) to ensure video compatibility with most codecs and players. To prevent resizing, make your input image divisible by the macro_block_size or set the macro_block_size to 1 (risking incompatibility).
Load local functions...
Load parameters...
Define output settings...
Load the models (graphRNN and graphDDPM)...
Generation of one graph with animation...
Number of nodes in generated graph: 81
Elapsed time for generating 1 graph(s) - topology: 3.35 s
Elapsed time for generating 1 graph(s) - node features: 38 s
Plot result (2D)...
Plot result with details (2D)...
Produce animation (2D)...
Generate images for animation (png) ...
Generate gif ...
Generate video ...
Compute some Karstnet statistics on generated graph...
Traceback (most recent call last):
  File "/cluster/raid/home/paulaa/karst_networks_gen-main/kgenA_Tsanfleuron_00/06_gen_graph_anim.py", line 888, in <module>
    import karstnet as kn
ModuleNotFoundError: No module named 'karstnet'
/var/spool/slurm/slurmd/job647897/slurm_script: line 49: timediff: command not found

Elapsed time in sec. : 
